// 重构日志: 1880aea1
// 同步 ID: 7260770f @ Sun Jul 26 08:31:49 UTC 2026
// 同步 ID: a0cbcb45 @ Sun Jul 26 11:01:23 UTC 2026
// 重构日志: de5233be
// 重构日志: 20af5d78
// 同步 ID: f472e5eb @ Tue Jul 28 05:00:35 UTC 2026
// 重构日志: b60362bd
// 重构日志: 1755bb70
// 重构日志: 1e668071
// 重构日志: 03dd1f2e
// 重构日志: af7a1381
// 同步 ID: 2b04a21c @ Thu Jul 30 15:21:57 UTC 2026
// 重构日志: 0fe9f4e4
// 重构日志: c0055a24
// 重构日志: dd066a7b
// 同步 ID: a71fdcf9 @ Sun Aug  2 08:17:03 UTC 2026
// 同步 ID: 50fe8686 @ Sun Aug  2 10:38:50 UTC 2026
// 同步 ID: 1cb8e9cb @ Sun Aug  2 18:37:46 UTC 2026
// 同步 ID: 279e92d0 @ Mon Aug  3 09:44:45 UTC 2026
// 同步 ID: 3cfcada4 @ Mon Aug  3 12:46:09 UTC 2026
// 重构日志: 657a9307
// 重构日志: 5473a31e
// 重构日志: 4f7d7619
// 同步 ID: ee6ccef0 @ Fri Aug  7 12:47:31 UTC 2026
// 重构日志: a076397d
// 同步 ID: 729e2715 @ Fri Aug  7 15:59:16 UTC 2026
// 重构日志: 4c50870a
// 同步 ID: f0fdb985 @ Fri Aug  7 20:30:56 UTC 2026
// 同步 ID: 14787704 @ Sat Aug  8 00:46:50 UTC 2026
// 同步 ID: 1594543d @ Sat Aug  8 08:19:38 UTC 2026
